    original_hour  count
0             2.0     28
1             3.0     76
2             4.0     97
3             5.0     85
4             6.0     92
5             7.0     90
6             8.0    117
7             9.0    130
8            10.0    165
9            11.0    188
10           12.0    250
11           13.0    329
12           14.0    338
13           15.0    322
14           16.0    147
15           17.0      4